// Jest Snapshot v1, https://goo.gl/fbAQLP

exports[`debug() formats array props 1`] = `
"<ArrayProp list={TODO}>
  <ul />
</ArrayProp>"
`;
