// Jest Snapshot v1, https://goo.gl/fbAQLP

exports[`toBeNodeType() "class-component" type errors when types dont match (not negation) 1`] = `"expected \`ClassComp\` not to be a \\"class-component\\""`;

exports[`toBeNodeType() "class-component" type errors when types dont match 1`] = `"expected \`ClassComp\` to be a \\"function-component\\""`;

exports[`toBeNodeType() "forward-ref" type errors when types dont match (not negation) 1`] = `"expected \`ForwardRef\` not to be a \\"forward-ref\\""`;

exports[`toBeNodeType() "forward-ref" type errors when types dont match 1`] = `"expected \`ForwardRef\` to be a \\"function-component\\""`;

exports[`toBeNodeType() "function-component" type errors when types dont match (not negation) 1`] = `"expected \`FuncComp\` not to be a \\"function-component\\""`;

exports[`toBeNodeType() "function-component" type errors when types dont match 1`] = `"expected \`FuncComp\` to be a \\"class-component\\""`;

exports[`toBeNodeType() "host-component" type errors when types dont match (not negation) 1`] = `"expected \`div\` not to be a \\"host-component\\""`;

exports[`toBeNodeType() "host-component" type errors when types dont match 1`] = `"expected \`div\` to be a \\"function-component\\""`;

exports[`toBeNodeType() "memo" type errors when types dont match (not negation) 1`] = `"expected \`Memo(FuncComp)\` not to be a \\"memo\\""`;

exports[`toBeNodeType() "memo" type errors when types dont match 1`] = `"expected \`Memo(FuncComp)\` to be a \\"function-component\\""`;

exports[`toBeNodeType() errors if an invalid node type 1`] = `"Invalid node type \\"unknown-type\\", expected one of: class-component, forward-ref, function-component, host-component, memo"`;

exports[`toBeNodeType() errors if an invalid node type 2`] = `"Invalid node type \\"unknown-type\\", expected one of: class-component, forward-ref, function-component, host-component, memo"`;
